src/App.tsx(481,27): error TS2322: Type '{ key: string; icon: any; label: string; active: boolean; badge: any; onClick: () => void; }' is not assignable to type '{ icon: ForwardRefExoticComponent<any>; label: string; active: boolean; onClick: () => void; badge?: number; }'.
  Property 'key' does not exist on type '{ icon: ForwardRefExoticComponent<any>; label: string; active: boolean; onClick: () => void; badge?: number; }'.
